###############################################################################
#                                                                             #
# IAR ELF Linker V6.10.1.52143/W32 for ARM              28/Apr/2012  19:46:16 #
# Copyright 2007-2010 IAR Systems AB.                                         #
#                                                                             #
#    Output file  =  C:\Documents and Settings\Administrator\iar\Myproject\42 #
#                    8IIC\bin\Ram\Exe\myproject.out                           #
#    Map file     =  C:\Documents and Settings\Administrator\iar\Myproject\42 #
#                    8IIC\bin\Ram\List\myproject.map                          #
#    Command line =  "C:\Documents and Settings\Administrator\iar\Myproject\4 #
#                    28IIC\bin\Ram\Obj\Balance_Kalman.o" "C:\Documents and    #
#                    Settings\Administrator\iar\Myproject\428IIC\bin\Ram\Obj\ #
#                    common.o" "C:\Documents and                              #
#                    Settings\Administrator\iar\Myproject\428IIC\bin\Ram\Obj\ #
#                    control.o" "C:\Documents and                             #
#                    Settings\Administrator\iar\Myproject\428IIC\bin\Ram\Obj\ #
#                    crt0.o" "C:\Documents and Settings\Administrator\iar\Myp #
#                    roject\428IIC\bin\Ram\Obj\ftm.o" "C:\Documents and       #
#                    Settings\Administrator\iar\Myproject\428IIC\bin\Ram\Obj\ #
#                    get_data.o" "C:\Documents and                            #
#                    Settings\Administrator\iar\Myproject\428IIC\bin\Ram\Obj\ #
#                    hw_gpio.o" "C:\Documents and                             #
#                    Settings\Administrator\iar\Myproject\428IIC\bin\Ram\Obj\ #
#                    hw_i2c.o" "C:\Documents and                              #
#                    Settings\Administrator\iar\Myproject\428IIC\bin\Ram\Obj\ #
#                    isr.o" "C:\Documents and Settings\Administrator\iar\Mypr #
#                    oject\428IIC\bin\Ram\Obj\light.o" "C:\Documents and      #
#                    Settings\Administrator\iar\Myproject\428IIC\bin\Ram\Obj\ #
#                    main.o" "C:\Documents and Settings\Administrator\iar\Myp #
#                    roject\428IIC\bin\Ram\Obj\pit.o" "C:\Documents and       #
#                    Settings\Administrator\iar\Myproject\428IIC\bin\Ram\Obj\ #
#                    ppl.o" "C:\Documents and Settings\Administrator\iar\Mypr #
#                    oject\428IIC\bin\Ram\Obj\start.o" "C:\Documents and      #
#                    Settings\Administrator\iar\Myproject\428IIC\bin\Ram\Obj\ #
#                    sysinit.o" "C:\Documents and                             #
#                    Settings\Administrator\iar\Myproject\428IIC\bin\Ram\Obj\ #
#                    uart.o" "C:\Documents and Settings\Administrator\iar\Myp #
#                    roject\428IIC\bin\Ram\Obj\vectors.o" "C:\Documents and   #
#                    Settings\Administrator\iar\Myproject\428IIC\bin\Ram\Obj\ #
#                    wdog.o" -o "C:\Documents and                             #
#                    Settings\Administrator\iar\Myproject\428IIC\bin\Ram\Exe\ #
#                    myproject.out" --map "C:\Documents and                   #
#                    Settings\Administrator\iar\Myproject\428IIC\bin\Ram\List #
#                    \myproject.map" --config "C:\Documents and               #
#                    Settings\Administrator\iar\Myproject\428IIC\src\Project_ #
#                    Settings\Link\Ram.icf" --semihosting --entry             #
#                    __iar_program_start                                      #
#                                                                             #
#                                                                             #
###############################################################################

*******************************************************************************
*** RUNTIME MODEL ATTRIBUTES
***

CppFlavor       = *
__SystemLibrary = DLib


*******************************************************************************
*** PLACEMENT SUMMARY
***

"A1":  place at 0x1fff0000 { ro section .intvec };
"A2":  place at 0x1fff0410 { ro section .noinit };
"P1":  place in [from 0x1fff0000 to 0x20010000] { ro, block CodeRelocate };
"P2":  place in [from 0x1fff0000 to 0x20010000] {
          rw, block CodeRelocateRam, block CSTACK, block HEAP };

  Section              Kind        Address    Size  Object
  -------              ----        -------    ----  ------
"A1":                                        0x410
  .intvec              const    0x1fff0000   0x410  vectors.o [1]
                              - 0x1fff0410   0x410

"A2":                                         0x3c
  .noinit              ro code  0x1fff0410    0x3c  crt0.o [1]
                              - 0x1fff044c    0x3c

"P1":                                       0x2a84
  .text                ro code  0x1fff044c   0x624  get_data.o [1]
  .text                ro code  0x1fff0a70    0xd8  FltMul.o [4]
  .text                ro code  0x1fff0b48    0xe2  FltSub.o [4]
  .text                ro code  0x1fff0c2a    0x22  zero_init3.o [5]
  .text                ro code  0x1fff0c4c    0x30  I32ToFlt.o [4]
  .text                ro code  0x1fff0c7c    0x24  FltToU32.o [4]
  .text                ro code  0x1fff0ca0   0x348  hw_i2c.o [1]
  .text                ro code  0x1fff0fe8    0x4e  FltToDbl.o [4]
  .text                ro code  0x1fff1036     0x2  vectors.o [1]
  .text                ro code  0x1fff1038   0x1a2  DblMul.o [4]
  .text                ro code  0x1fff11dc   0x246  DblDiv.o [4]
  .text                ro code  0x1fff1424    0xfc  FltDiv.o [4]
  .text                ro code  0x1fff1520   0x17e  DblSub.o [4]
  .text                ro code  0x1fff16a0    0x90  DblToFlt.o [4]
  .text                ro code  0x1fff1730    0x82  FltAdd.o [4]
  .text                ro code  0x1fff17b4    0xd0  atan2.o [4]
  .text                ro code  0x1fff1884    0xe6  DblAdd.o [4]
  .text                ro code  0x1fff196c   0x134  hw_gpio.o [1]
  .text                ro code  0x1fff1aa0    0x38  xdtest.o [4]
  .text                ro code  0x1fff1ad8    0x2e  DblCmpLe.o [4]
  .text                ro code  0x1fff1b08   0x1f8  xatan.o [4]
  .text                ro code  0x1fff1d00    0x2e  DblCmpGe.o [4]
  .text                ro code  0x1fff1d30   0x4dd  Balance_Kalman.o [1]
  .text                ro code  0x1fff2210   0x2dc  ftm.o [1]
  .text                ro code  0x1fff24ec    0x1a  I32ToDbl.o [4]
  .text                ro code  0x1fff2508    0x56  DblToI32.o [4]
  .text                ro code  0x1fff2560   0x264  uart.o [1]
  .text                ro code  0x1fff27c4    0xb4  common.o [1]
  .text                ro code  0x1fff2878   0x1ac  sysinit.o [1]
  .text                ro code  0x1fff2a24   0x17c  isr.o [1]
  .text                ro code  0x1fff2ba0    0xb8  pit.o [1]
  .text                ro code  0x1fff2c58    0xb0  start.o [1]
  .text                ro code  0x1fff2d08    0x38  wdog.o [1]
  .text                ro code  0x1fff2d40    0x74  main.o [1]
  CodeRelocate                  0x1fff2db4    0x4c  <Block>
    Initializer bytes  ro data  0x1fff2db4    0x4c  <for CodeRelocateRam-1>
  .data_init                    0x1fff2e00    0x44  <Block>
    Initializer bytes  ro data  0x1fff2e00    0x44  <for .data-1>
  .text                ro code  0x1fff2e44    0x2c  data_init3.o [5]
  .iar.init_table      const    0x1fff2e70    0x10  - Linker created -
  .text                ro code  0x1fff2e80    0x16  cmain.o [5]
  .text                ro code  0x1fff2e96     0x4  low_level_init.o [3]
  .text                ro code  0x1fff2e9a     0x8  exit.o [3]
  .text                ro code  0x1fff2ea4     0xa  cexit.o [5]
  .text                ro code  0x1fff2eb0    0x14  exit.o [6]
  .text                ro code  0x1fff2ec4     0xc  cstartup_M.o [5]
                              - 0x1fff2ed0  0x2a84

"P2", part 1 of 2:                            0x90
  CodeRelocateRam               0x1fff2ed0    0x4c  <Block>
    CodeRelocateRam-1           0x1fff2ed0    0x4c  <Init block>
      .textrw          inited   0x1fff2ed0    0x4c  sysinit.o [1]
  .data                         0x1fff2f1c    0x44  <Block>
    .data-1                     0x1fff2f1c    0x44  <Init block>
      .data            inited   0x1fff2f1c     0x4  Balance_Kalman.o [1]
      .data            inited   0x1fff2f20     0x4  Balance_Kalman.o [1]
      .data            inited   0x1fff2f24     0x4  Balance_Kalman.o [1]
      .data            inited   0x1fff2f28     0x4  Balance_Kalman.o [1]
      .data            inited   0x1fff2f2c    0x10  Balance_Kalman.o [1]
      .data            inited   0x1fff2f3c     0x4  Balance_Kalman.o [1]
      .data            inited   0x1fff2f40     0x4  Balance_Kalman.o [1]
      .data            inited   0x1fff2f44     0x4  Balance_Kalman.o [1]
      .data            inited   0x1fff2f48     0x4  Balance_Kalman.o [1]
      .data            inited   0x1fff2f4c    0x10  Balance_Kalman.o [1]
      .data            inited   0x1fff2f5c     0x4  isr.o [1]
                              - 0x1fff2f60    0x90

"P2", part 2 of 2:                            0xea
  .bss                          0x1fff2f60    0xea  <Block>
    .bss               zero     0x1fff2f60     0x4  Balance_Kalman.o [1]
    .bss               zero     0x1fff2f64     0x4  Balance_Kalman.o [1]
    .bss               zero     0x1fff2f68    0x10  Balance_Kalman.o [1]
    .bss               zero     0x1fff2f78     0x4  Balance_Kalman.o [1]
    .bss               zero     0x1fff2f7c     0x4  Balance_Kalman.o [1]
    .bss               zero     0x1fff2f80     0x4  Balance_Kalman.o [1]
    .bss               zero     0x1fff2f84     0x4  Balance_Kalman.o [1]
    .bss               zero     0x1fff2f88     0x4  Balance_Kalman.o [1]
    .bss               zero     0x1fff2f8c     0x4  Balance_Kalman.o [1]
    .bss               zero     0x1fff2f90     0x4  Balance_Kalman.o [1]
    .bss               zero     0x1fff2f94     0x4  Balance_Kalman.o [1]
    .bss               zero     0x1fff2f98     0x4  Balance_Kalman.o [1]
    .bss               zero     0x1fff2f9c     0x4  Balance_Kalman.o [1]
    .bss               zero     0x1fff2fa0     0x4  Balance_Kalman.o [1]
    .bss               zero     0x1fff2fa4    0x10  Balance_Kalman.o [1]
    .bss               zero     0x1fff2fb4     0x4  Balance_Kalman.o [1]
    .bss               zero     0x1fff2fb8     0x4  Balance_Kalman.o [1]
    .bss               zero     0x1fff2fbc     0x4  Balance_Kalman.o [1]
    .bss               zero     0x1fff2fc0     0x4  Balance_Kalman.o [1]
    .bss               zero     0x1fff2fc4     0x4  Balance_Kalman.o [1]
    .bss               zero     0x1fff2fc8     0x4  Balance_Kalman.o [1]
    .bss               zero     0x1fff2fcc     0x4  Balance_Kalman.o [1]
    .bss               zero     0x1fff2fd0     0x4  Balance_Kalman.o [1]
    .bss               zero     0x1fff2fd4     0x4  Balance_Kalman.o [1]
    .bss               zero     0x1fff2fd8     0x8  get_data.o [1]
    .bss               zero     0x1fff2fe0     0x4  get_data.o [1]
    .bss               zero     0x1fff2fe4     0x4  get_data.o [1]
    .bss               zero     0x1fff2fe8     0x4  get_data.o [1]
    .bss               zero     0x1fff2fec     0x4  get_data.o [1]
    .bss               zero     0x1fff2ff0     0x4  get_data.o [1]
    .bss               zero     0x1fff2ff4     0x4  get_data.o [1]
    .bss               zero     0x1fff2ff8     0x4  get_data.o [1]
    .bss               zero     0x1fff2ffc     0x4  get_data.o [1]
    .bss               zero     0x1fff3000     0x4  get_data.o [1]
    .bss               zero     0x1fff3004     0x4  get_data.o [1]
    .bss               zero     0x1fff3008     0x4  get_data.o [1]
    .bss               zero     0x1fff300c     0x4  get_data.o [1]
    .bss               zero     0x1fff3010     0x4  get_data.o [1]
    .bss               zero     0x1fff3014     0x4  get_data.o [1]
    .bss               zero     0x1fff3018     0x4  get_data.o [1]
    .bss               zero     0x1fff301c     0x4  isr.o [1]
    .bss               zero     0x1fff3020     0x4  isr.o [1]
    .bss               zero     0x1fff3024     0x4  isr.o [1]
    .bss               zero     0x1fff3028     0x4  isr.o [1]
    .bss               zero     0x1fff302c     0x4  isr.o [1]
    .bss               zero     0x1fff3030     0x4  sysinit.o [1]
    .bss               zero     0x1fff3034     0x4  sysinit.o [1]
    .bss               zero     0x1fff3038     0x4  sysinit.o [1]
    .bss               zero     0x1fff303c     0x2  get_data.o [1]
    .bss               zero     0x1fff303e     0x2  get_data.o [1]
    .bss               zero     0x1fff3040     0x2  get_data.o [1]
    .bss               zero     0x1fff3042     0x2  get_data.o [1]
    .bss               zero     0x1fff3044     0x2  get_data.o [1]
    .bss               zero     0x1fff3046     0x2  get_data.o [1]
    .bss               zero     0x1fff3048     0x2  isr.o [1]
                              - 0x1fff304a    0xea


*******************************************************************************
*** INIT TABLE
***

          Address     Size
          -------     ----
Zero (__iar_zero_init3)
    1 destination range, total size 0xea:
          0x1fff2f60  0xea


*******************************************************************************
*** MODULE SUMMARY
***

    Module            ro code  rw code  ro data  rw data
    ------            -------  -------  -------  -------
C:\Documents and Settings\Administrator\iar\Myproject\428IIC\bin\Ram\Obj: [1]
    Balance_Kalman.o    1 245                64      184
    common.o              180
    crt0.o                 60
    ftm.o                 732
    get_data.o          1 572                         80
    hw_gpio.o             308
    hw_i2c.o              840
    isr.o                 380                 4       26
    main.o                116
    pit.o                 184
    start.o               176
    sysinit.o             428       76       76       12
    uart.o                612
    vectors.o               2             1 040
    wdog.o                 56
    ----------------------------------------------------
    Total:              6 891       76    1 184      302

command line: [2]
    ----------------------------------------------------
    Total:

dl7M_tln.a: [3]
    exit.o                  8
    low_level_init.o        4
    ----------------------------------------------------
    Total:                 12

m7M_tl.a: [4]
    DblAdd.o              230
    DblCmpGe.o             46
    DblCmpLe.o             46
    DblDiv.o              582
    DblMul.o              418
    DblSub.o              382
    DblToFlt.o            144
    DblToI32.o             86
    FltAdd.o              130
    FltDiv.o              252
    FltMul.o              216
    FltSub.o              226
    FltToDbl.o             78
    FltToU32.o             36
    I32ToDbl.o             26
    I32ToFlt.o             48
    atan2.o               208
    xatan.o               504
    xdtest.o               56
    ----------------------------------------------------
    Total:              3 714

rt7M_tl.a: [5]
    cexit.o                10
    cmain.o                22
    cstartup_M.o           12
    data_init3.o           44
    zero_init3.o           34
    ----------------------------------------------------
    Total:                122

shb_l.a: [6]
    exit.o                 20
    ----------------------------------------------------
    Total:                 20

    Gaps                   25
    Linker created                           16
--------------------------------------------------------
    Grand Total:       10 784       76    1 200      302


*******************************************************************************
*** ENTRY LIST
***

Entry                      Address   Size  Type      Object
-----                      -------   ----  ----      ------
.bss$$Base              0x1fff2f60          --   Gb  - Linker created -
.bss$$Limit             0x1fff304a          --   Gb  - Linker created -
.data$$Base             0x1fff2f1c          --   Gb  - Linker created -
.data$$Limit            0x1fff2f60          --   Gb  - Linker created -
.data_init$$Base        0x1fff2e00          --   Gb  - Linker created -
.data_init$$Limit       0x1fff2e44          --   Gb  - Linker created -
?main                   0x1fff2e81         Code  Gb  cmain.o [5]
A_X                     0x1fff303c    0x2  Data  Gb  get_data.o [1]
A_Y                     0x1fff303e    0x2  Data  Gb  get_data.o [1]
A_Z                     0x1fff3040    0x2  Data  Gb  get_data.o [1]
Angle_X                 0x1fff3020    0x4  Data  Gb  isr.o [1]
Angle_Y                 0x1fff3024    0x4  Data  Gb  isr.o [1]
Angle_Z                 0x1fff3028    0x4  Data  Gb  isr.o [1]
Angle_accx              0x1fff2fe0    0x4  Data  Gb  get_data.o [1]
Angle_accy              0x1fff2fe4    0x4  Data  Gb  get_data.o [1]
Angle_accz              0x1fff2fe8    0x4  Data  Gb  get_data.o [1]
Angle_gyrox             0x1fff2ff8    0x4  Data  Gb  get_data.o [1]
Angle_gyroy             0x1fff2ffc    0x4  Data  Gb  get_data.o [1]
Angle_gyroz             0x1fff3000    0x4  Data  Gb  get_data.o [1]
BUF                     0x1fff2fd8    0x8  Data  Gb  get_data.o [1]
C_0                     0x1fff2208    0x1  Data  Gb  Balance_Kalman.o [1]
C_01                    0x1fff220c    0x1  Data  Gb  Balance_Kalman.o [1]
CodeRelocate$$Base      0x1fff2db4          --   Gb  - Linker created -
CodeRelocate$$Limit     0x1fff2e00          --   Gb  - Linker created -
CodeRelocateRam$$Base   0x1fff2ed0          --   Gb  - Linker created -
CodeRelocateRam$$Limit  0x1fff2f1c          --   Gb  - Linker created -
Delay_Nms               0x1fff04b1   0x20  Code  Gb  get_data.o [1]
Dot_gyro_x              0x1fff2fec    0x4  Data  Gb  get_data.o [1]
Dot_gyro_y              0x1fff2ff0    0x4  Data  Gb  get_data.o [1]
Dot_gyro_z              0x1fff2ff4    0x4  Data  Gb  get_data.o [1]
E                       0x1fff2f88    0x4  Data  Gb  Balance_Kalman.o [1]
E1                      0x1fff2fc4    0x4  Data  Gb  Balance_Kalman.o [1]
Height                  0x1fff3048    0x2  Data  Gb  isr.o [1]
Init_ADXL345            0x1fff0745   0x74  Code  Gb  get_data.o [1]
Init_L3G4200D           0x1fff04d1   0x54  Code  Gb  get_data.o [1]
K_0                     0x1fff2f8c    0x4  Data  Gb  Balance_Kalman.o [1]
K_01                    0x1fff2fc8    0x4  Data  Gb  Balance_Kalman.o [1]
K_1                     0x1fff2f90    0x4  Data  Gb  Balance_Kalman.o [1]
K_11                    0x1fff2fcc    0x4  Data  Gb  Balance_Kalman.o [1]
Kalman_Filter           0x1fff1d31  0x252  Code  Gb  Balance_Kalman.o [1]
Kalman_Filter1          0x1fff1f83  0x1fe  Code  Gb  Balance_Kalman.o [1]
P                       0x1fff2f2c   0x10  Data  Gb  Balance_Kalman.o [1]
P1                      0x1fff2f4c   0x10  Data  Gb  Balance_Kalman.o [1]
PCt_0                   0x1fff2f80    0x4  Data  Gb  Balance_Kalman.o [1]
PCt_01                  0x1fff2fbc    0x4  Data  Gb  Balance_Kalman.o [1]
PCt_1                   0x1fff2f84    0x4  Data  Gb  Balance_Kalman.o [1]
PCt_11                  0x1fff2fc0    0x4  Data  Gb  Balance_Kalman.o [1]
Pdot                    0x1fff2f68   0x10  Data  Gb  Balance_Kalman.o [1]
Pdot1                   0x1fff2fa4   0x10  Data  Gb  Balance_Kalman.o [1]
Q_angle                 0x1fff2f1c    0x4  Data  Gb  Balance_Kalman.o [1]
Q_angle1                0x1fff2f3c    0x4  Data  Gb  Balance_Kalman.o [1]
Q_gyro                  0x1fff2f20    0x4  Data  Gb  Balance_Kalman.o [1]
Q_gyro1                 0x1fff2f40    0x4  Data  Gb  Balance_Kalman.o [1]
R_angle                 0x1fff2f24    0x4  Data  Gb  Balance_Kalman.o [1]
R_angle1                0x1fff2f44    0x4  Data  Gb  Balance_Kalman.o [1]
Region$$Table$$Base     0x1fff2e70          --   Gb  - Linker created -
Region$$Table$$Limit    0x1fff2e80          --   Gb  - Linker created -
SquareRootFloat         0x1fff044d   0x64  Code  Gb  get_data.o [1]
T_X                     0x1fff3042    0x2  Data  Gb  get_data.o [1]
T_Y                     0x1fff3044    0x2  Data  Gb  get_data.o [1]
T_Z                     0x1fff3046    0x2  Data  Gb  get_data.o [1]
Time_counter            0x1fff301c    0x4  Data  Gb  isr.o [1]
__BOOT_STACK_ADDRESS {Abs}
                        0x2000fff8          --   Gb  command line/config [2]
__VECTOR_RAM {Abs}      0x1fff0000          --   Gb  command line/config [2]
__VECTOR_TABLE {Abs}    0x1fff0000          --   Gb  command line/config [2]
__aeabi_cdcmple         0x1fff1ad9         Code  Gb  DblCmpLe.o [4]
__aeabi_cdrcmple        0x1fff1d01         Code  Gb  DblCmpGe.o [4]
__aeabi_d2f             0x1fff16a1         Code  Gb  DblToFlt.o [4]
__aeabi_d2iz            0x1fff2509         Code  Gb  DblToI32.o [4]
__aeabi_d2uiz           0x1fff2535         Code  Gb  DblToI32.o [4]
__aeabi_dadd            0x1fff1885         Code  Gb  DblAdd.o [4]
__aeabi_ddiv            0x1fff11dd         Code  Gb  DblDiv.o [4]
__aeabi_dmul            0x1fff1039         Code  Gb  DblMul.o [4]
__aeabi_dsub            0x1fff1521         Code  Gb  DblSub.o [4]
__aeabi_f2d             0x1fff0fe9         Code  Gb  FltToDbl.o [4]
__aeabi_f2uiz           0x1fff0c7d         Code  Gb  FltToU32.o [4]
__aeabi_fadd            0x1fff1731         Code  Gb  FltAdd.o [4]
__aeabi_fdiv            0x1fff1425         Code  Gb  FltDiv.o [4]
__aeabi_fmul            0x1fff0a71         Code  Gb  FltMul.o [4]
__aeabi_fsub            0x1fff0b49         Code  Gb  FltSub.o [4]
__aeabi_i2f             0x1fff0c4d         Code  Gb  I32ToFlt.o [4]
__aeabi_ui2d            0x1fff24ed         Code  Gb  I32ToDbl.o [4]
__aeabi_ui2f            0x1fff0c61         Code  Gb  I32ToFlt.o [4]
__cmain                 0x1fff2e81         Code  Gb  cmain.o [5]
__exit                  0x1fff2eb1   0x14  Code  Gb  exit.o [6]
__iar_Atan              0x1fff1b09  0x15e  Code  Gb  xatan.o [4]
__iar_Dtest             0x1fff1aa1   0x38  Code  Gb  xdtest.o [4]
__iar_d2uiz             0x1fff253f         Code  Gb  DblToI32.o [4]
__iar_dadd              0x1fff1897         Code  Gb  DblAdd.o [4]
__iar_data_init3        0x1fff2e45   0x2c  Code  Gb  data_init3.o [5]
__iar_dsub              0x1fff1533         Code  Gb  DblSub.o [4]
__iar_dsubStart         0x1fff1545         Code  Gb  DblSub.o [4]
__iar_fadd              0x1fff173f         Code  Gb  FltAdd.o [4]
__iar_fsub              0x1fff0b57         Code  Gb  FltSub.o [4]
__iar_fsubStart         0x1fff0b65         Code  Gb  FltSub.o [4]
__iar_program_start     0x1fff2ec5         Code  Gb  cstartup_M.o [5]
__iar_ui2d              0x1fff24ef         Code  Gb  I32ToDbl.o [4]
__iar_ui2f              0x1fff0c63         Code  Gb  I32ToFlt.o [4]
__iar_zero_init3        0x1fff0c2b   0x22  Code  Gb  zero_init3.o [5]
__low_level_init        0x1fff2e97    0x4  Code  Gb  low_level_init.o [3]
__startup               0x1fff0411         Code  Gb  crt0.o [1]
__vector_table          0x1fff0000  0x410  Data  Gb  vectors.o [1]
_call_main              0x1fff2e8d         Code  Gb  cmain.o [5]
_exit                   0x1fff2ea5         Code  Gb  cexit.o [5]
_main                   0x1fff2e93         Code  Gb  cmain.o [5]
a                       0x1fff1cc0   0x40  Data  Lc  xatan.o [4]
angle                   0x1fff2f60    0x4  Data  Gb  Balance_Kalman.o [1]
angle1                  0x1fff2f9c    0x4  Data  Gb  Balance_Kalman.o [1]
angle_dot               0x1fff2f64    0x4  Data  Gb  Balance_Kalman.o [1]
angle_dot1              0x1fff2fa0    0x4  Data  Gb  Balance_Kalman.o [1]
angle_err               0x1fff2f7c    0x4  Data  Gb  Balance_Kalman.o [1]
angle_err1              0x1fff2fb8    0x4  Data  Gb  Balance_Kalman.o [1]
atan2                   0x1fff17b5   0xd0  Code  Gb  atan2.o [4]
common_startup          0x1fff2c6d   0x74  Code  Gb  start.o [1]
core_clk_khz            0x1fff3030    0x4  Data  Gb  sysinit.o [1]
core_clk_mhz            0x1fff3034    0x4  Data  Gb  sysinit.o [1]
default_isr             0x1fff1037    0x2  Code  Gb  vectors.o [1]
dt                      0x1fff2f28    0x4  Data  Gb  Balance_Kalman.o [1]
dt1                     0x1fff2f48    0x4  Data  Gb  Balance_Kalman.o [1]
enable_irq              0x1fff27cb   0x90  Code  Gb  common.o [1]
enable_pit_interrupt    0x1fff2bff   0x4c  Code  Gb  pit.o [1]
enableuartreint         0x1fff2761   0x14  Code  Gb  uart.o [1]
exit                    0x1fff2e9b    0x8  Code  Gb  exit.o [3]
fb_clk_init             0x1fff28d7   0x16  Code  Gb  sysinit.o [1]
hw_FTM_init             0x1fff2211  0x1c8  Code  Gb  ftm.o [1]
hw_gpio_get_port_addr   0x1fff1a1f   0x2c  Code  Lc  hw_gpio.o [1]
hw_gpio_get_pt_addr     0x1fff1a4b   0x2c  Code  Lc  hw_gpio.o [1]
hw_gpio_init            0x1fff196d   0x72  Code  Gb  hw_gpio.o [1]
hw_gpio_reverse         0x1fff1a09   0x16  Code  Gb  hw_gpio.o [1]
hw_gpio_set             0x1fff19df   0x2a  Code  Gb  hw_gpio.o [1]
hw_i2c_get_base_address
                        0x1fff0fa7   0x14  Code  Gb  hw_i2c.o [1]
hw_i2c_init             0x1fff0ca1   0x74  Code  Gb  hw_i2c.o [1]
hw_iic_read1            0x1fff0dcd   0xca  Code  Gb  hw_i2c.o [1]
hw_iic_readn            0x1fff0f3d   0x6a  Code  Gb  hw_i2c.o [1]
hw_iic_write1           0x1fff0e97   0xa6  Code  Gb  hw_i2c.o [1]
hw_pit_init             0x1fff2ba1   0x5e  Code  Gb  pit.o [1]
hw_send_signal          0x1fff0d15   0x66  Code  Gb  hw_i2c.o [1]
hw_wait                 0x1fff0d7b   0x52  Code  Gb  hw_i2c.o [1]
main                    0x1fff2d41   0x74  Code  Gb  main.o [1]
periph_clk_khz          0x1fff3038    0x4  Data  Gb  sysinit.o [1]
pit0_isr                0x1fff2ad1   0x8a  Code  Gb  isr.o [1]
pll_init                0x1fff28ed   0xf6  Code  Gb  sysinit.o [1]
q_bias                  0x1fff2f78    0x4  Data  Gb  Balance_Kalman.o [1]
q_bias1                 0x1fff2fb4    0x4  Data  Gb  Balance_Kalman.o [1]
read_ADXL345            0x1fff07b9  0x23a  Code  Gb  get_data.o [1]
read_L3G4200D           0x1fff0525  0x220  Code  Gb  get_data.o [1]
readheight              0x1fff2f5c    0x4  Data  Gb  isr.o [1]
set_pwm                 0x1fff23d9   0x68  Code  Gb  ftm.o [1]
set_sys_dividers        0x1fff2ed1   0x4c  Code  Gb  sysinit.o [1]
start                   0x1fff2c59   0x14  Code  Gb  start.o [1]
sysinit                 0x1fff2879   0x48  Code  Gb  sysinit.o [1]
t_0                     0x1fff2f94    0x4  Data  Gb  Balance_Kalman.o [1]
t_01                    0x1fff2fd0    0x4  Data  Gb  Balance_Kalman.o [1]
t_1                     0x1fff2f98    0x4  Data  Gb  Balance_Kalman.o [1]
t_11                    0x1fff2fd4    0x4  Data  Gb  Balance_Kalman.o [1]
trace_clk_init          0x1fff28c1   0x16  Code  Gb  sysinit.o [1]
uart0_isr               0x1fff2a25   0x50  Code  Gb  isr.o [1]
uart1_isr               0x1fff2a75   0x3c  Code  Gb  isr.o [1]
uart3_isr               0x1fff2ab1   0x1e  Code  Gb  isr.o [1]
uart_init               0x1fff2561  0x180  Code  Gb  uart.o [1]
uart_re1                0x1fff26e1   0x2c  Code  Gb  uart.o [1]
uart_reN                0x1fff2717   0x2c  Code  Gb  uart.o [1]
uart_send1              0x1fff270d    0xa  Code  Gb  uart.o [1]
uart_sendN              0x1fff2743   0x1e  Code  Gb  uart.o [1]
wdog_disable            0x1fff2d09   0x16  Code  Gb  wdog.o [1]
wdog_unlock             0x1fff2d21   0x16  Code  Gb  wdog.o [1]
write_vtor              0x1fff27c5    0x6  Code  Gb  common.o [1]


[1] = C:\Documents and Settings\Administrator\iar\Myproject\428IIC\bin\Ram\Obj
[2] = command line
[3] = dl7M_tln.a
[4] = m7M_tl.a
[5] = rt7M_tl.a
[6] = shb_l.a

  10 784 bytes of readonly  code memory
      76 bytes of readwrite code memory
   1 200 bytes of readonly  data memory
     302 bytes of readwrite data memory

Errors: none
Warnings: none
